2026-06-15 17:04:55,501 - aqt.main - INFO - installer 6976 aqtinstall(aqt) v3.3.0 on Python 3.12.10 [CPython MSC v.1943 64 bit (AMD64)]
2026-06-15 17:04:55,506 - aqt.helper - DEBUG - helper 6976 Attempt to download checksum at https://download.qt.io/online/qtsdkrepository/windows_x86/desktop/qt6_6111/qt6_6111/Updates.xml.sha256
2026-06-15 17:04:56,433 - aqt.helper - DEBUG - helper 6976 Attempt to download checksum at https://download.qt.io/online/qtsdkrepository/windows_x86/desktop/qt6_6111/qt6_6111/Updates.xml.sha256
2026-06-15 17:04:57,361 - aqt.helper - DEBUG - helper 6976 Attempt to download checksum at https://download.qt.io/online/qtsdkrepository/windows_x86/desktop/qt6_6111/qt6_6111/Updates.xml.sha256
2026-06-15 17:04:58,297 - aqt.helper - DEBUG - helper 6976 Attempt to download checksum at https://download.qt.io/online/qtsdkrepository/windows_x86/desktop/qt6_6111/qt6_6111/Updates.xml.sha256
2026-06-15 17:04:59,195 - aqt.helper - DEBUG - helper 6976 Attempt to download checksum at https://download.qt.io/online/qtsdkrepository/windows_x86/desktop/qt6_6111/qt6_6111/Updates.xml.sha256
2026-06-15 17:05:00,149 - aqt.archives - WARNING - archives 6976 Failed to download checksum for the file 'online/qtsdkrepository/windows_x86/desktop/qt6_6111/qt6_6111/Updates.xml'. This may happen on unofficial mirrors.
2026-06-15 17:05:01,034 - aqt.main - ERROR - installer 6976 Failed to locate XML data for Qt version '6.11.1'.
==============================Suggested follow-up:==============================
* Please use 'aqt list-qt windows desktop' to show versions available.
2026-06-15 17:05:13,246 - aqt.helper - DEBUG - helper 3772 Attempt to download checksum at https://download.qt.io/online/qtsdkrepository/windows_x86/desktop/qt6_6111/qt6_6111/Updates.xml.sha256
2026-06-15 17:05:14,279 - aqt.helper - DEBUG - helper 3772 Attempt to download checksum at https://download.qt.io/online/qtsdkrepository/windows_x86/desktop/qt6_6111/qt6_6111/Updates.xml.sha256
2026-06-15 17:05:15,188 - aqt.helper - DEBUG - helper 3772 Attempt to download checksum at https://download.qt.io/online/qtsdkrepository/windows_x86/desktop/qt6_6111/qt6_6111/Updates.xml.sha256
2026-06-15 17:05:16,191 - aqt.helper - DEBUG - helper 3772 Attempt to download checksum at https://download.qt.io/online/qtsdkrepository/windows_x86/desktop/qt6_6111/qt6_6111/Updates.xml.sha256
2026-06-15 17:05:17,164 - aqt.helper - DEBUG - helper 3772 Attempt to download checksum at https://download.qt.io/online/qtsdkrepository/windows_x86/desktop/qt6_6111/qt6_6111/Updates.xml.sha256
2026-06-15 17:05:18,206 - aqt.main - ERROR - installer 3772 Failed to download checksum for the file 'Updates.xml' from mirrors '['https://download.qt.io']
==============================Suggested follow-up:==============================
* Check your internet connection
* Consider modifying `requests.max_retries_to_retrieve_hash` in settings.ini
* Consider modifying `mirrors.trusted_mirrors` in settings.ini (see https://aqtinstall.readthedocs.io/en/stable/configuration.html#configuration)
* Please use 'aqt list-qt windows desktop' to show versions of Qt available.
2026-06-15 17:05:28,557 - aqt.main - INFO - installer 15112 aqtinstall(aqt) v3.3.0 on Python 3.12.10 [CPython MSC v.1943 64 bit (AMD64)]
2026-06-15 17:05:28,559 - aqt.helper - DEBUG - helper 15112 Attempt to download checksum at https://download.qt.io/online/qtsdkrepository/windows_x86/desktop/qt6_680/qt6_680/Updates.xml.sha256
2026-06-15 17:05:30,660 - aqt.helper - DEBUG - helper 15112 Attempt to download checksum at https://download.qt.io/online/qtsdkrepository/windows_x86/extensions/qtwebengine/680/msvc2022_64/Updates.xml.sha256
2026-06-15 17:05:32,665 - aqt.archives - INFO - archives 15112 Found extension qtwebengine
2026-06-15 17:05:32,666 - aqt.helper - DEBUG - helper 15112 Attempt to download checksum at https://download.qt.io/online/qtsdkrepository/windows_x86/extensions/qtpdf/680/msvc2022_64/Updates.xml.sha256
2026-06-15 17:05:34,505 - aqt.archives - INFO - archives 15112 Found extension qtpdf
2026-06-15 17:05:35,099 - aqt.helper - DEBUG - helper 14864 Attempt to download checksum at https://download.qt.io/online/qtsdkrepository/windows_x86/desktop/qt6_680/qt6_680/qt.qt6.680.addons.qtcharts.win64_msvc2022_64/6.8.0-0-202410030750qtcharts-Windows-Windows_11_23H2-MSVC2022-Windows-Windows_11_23H2-X86_64.7z.sha256
2026-06-15 17:05:35,099 - aqt.helper - DEBUG - helper 5664 Attempt to download checksum at https://download.qt.io/online/qtsdkrepository/windows_x86/desktop/qt6_680/qt6_680/qt.qt6.680.win64_msvc2022_64/6.8.0-0-202410030750qtbase-Windows-Windows_11_23H2-MSVC2022-Windows-Windows_11_23H2-X86_64.7z.sha256
2026-06-15 17:05:35,099 - aqt.helper - DEBUG - helper 13728 Attempt to download checksum at https://download.qt.io/online/qtsdkrepository/windows_x86/desktop/qt6_680/qt6_680/qt.qt6.680.win64_msvc2022_64/6.8.0-0-202410030750qtsvg-Windows-Windows_11_23H2-MSVC2022-Windows-Windows_11_23H2-X86_64.7z.sha256
2026-06-15 17:05:35,109 - aqt.helper - DEBUG - helper 10416 Attempt to download checksum at https://download.qt.io/online/qtsdkrepository/windows_x86/desktop/qt6_680/qt6_680/qt.qt6.680.win64_msvc2022_64/6.8.0-0-202410030750qtdeclarative-Windows-Windows_11_23H2-MSVC2022-Windows-Windows_11_23H2-X86_64.7z.sha256
2026-06-15 17:05:36,195 - aqt.helper - INFO - helper 10416 Downloading qtdeclarative...
2026-06-15 17:05:36,195 - aqt.installer - DEBUG - installer 10416 Download URL: https://download.qt.io/online/qtsdkrepository/windows_x86/desktop/qt6_680/qt6_680/qt.qt6.680.win64_msvc2022_64/6.8.0-0-202410030750qtdeclarative-Windows-Windows_11_23H2-MSVC2022-Windows-Windows_11_23H2-X86_64.7z
2026-06-15 17:05:36,206 - aqt.helper - INFO - helper 5664 Downloading qtbase...
2026-06-15 17:05:36,206 - aqt.installer - DEBUG - installer 5664 Download URL: https://download.qt.io/online/qtsdkrepository/windows_x86/desktop/qt6_680/qt6_680/qt.qt6.680.win64_msvc2022_64/6.8.0-0-202410030750qtbase-Windows-Windows_11_23H2-MSVC2022-Windows-Windows_11_23H2-X86_64.7z
2026-06-15 17:05:36,224 - aqt.helper - INFO - helper 13728 Downloading qtsvg...
2026-06-15 17:05:36,225 - aqt.installer - DEBUG - installer 13728 Download URL: https://download.qt.io/online/qtsdkrepository/windows_x86/desktop/qt6_680/qt6_680/qt.qt6.680.win64_msvc2022_64/6.8.0-0-202410030750qtsvg-Windows-Windows_11_23H2-MSVC2022-Windows-Windows_11_23H2-X86_64.7z
2026-06-15 17:05:36,229 - aqt.helper - INFO - helper 14864 Downloading qtcharts...
2026-06-15 17:05:36,229 - aqt.installer - DEBUG - installer 14864 Download URL: https://download.qt.io/online/qtsdkrepository/windows_x86/desktop/qt6_680/qt6_680/qt.qt6.680.addons.qtcharts.win64_msvc2022_64/6.8.0-0-202410030750qtcharts-Windows-Windows_11_23H2-MSVC2022-Windows-Windows_11_23H2-X86_64.7z
2026-06-15 17:05:37,230 - aqt.helper - DEBUG - helper 13728 Asked to redirect(302) to: https://mirror.maeen.sa/qtproject/online/qtsdkrepository/windows_x86/desktop/qt6_680/qt6_680/qt.qt6.680.win64_msvc2022_64/6.8.0-0-202410030750qtsvg-Windows-Windows_11_23H2-MSVC2022-Windows-Windows_11_23H2-X86_64.7z
2026-06-15 17:05:37,230 - aqt.helper - INFO - helper 13728 Redirected: mirror.maeen.sa
2026-06-15 17:05:37,234 - aqt.helper - DEBUG - helper 10416 Asked to redirect(302) to: https://mirror.maeen.sa/qtproject/online/qtsdkrepository/windows_x86/desktop/qt6_680/qt6_680/qt.qt6.680.win64_msvc2022_64/6.8.0-0-202410030750qtdeclarative-Windows-Windows_11_23H2-MSVC2022-Windows-Windows_11_23H2-X86_64.7z
2026-06-15 17:05:37,234 - aqt.helper - INFO - helper 10416 Redirected: mirror.maeen.sa
2026-06-15 17:05:37,252 - aqt.helper - DEBUG - helper 5664 Asked to redirect(302) to: https://mirror.maeen.sa/qtproject/online/qtsdkrepository/windows_x86/desktop/qt6_680/qt6_680/qt.qt6.680.win64_msvc2022_64/6.8.0-0-202410030750qtbase-Windows-Windows_11_23H2-MSVC2022-Windows-Windows_11_23H2-X86_64.7z
2026-06-15 17:05:37,252 - aqt.helper - INFO - helper 5664 Redirected: mirror.maeen.sa
2026-06-15 17:05:37,255 - aqt.helper - DEBUG - helper 14864 Asked to redirect(302) to: https://mirror.maeen.sa/qtproject/online/qtsdkrepository/windows_x86/desktop/qt6_680/qt6_680/qt.qt6.680.addons.qtcharts.win64_msvc2022_64/6.8.0-0-202410030750qtcharts-Windows-Windows_11_23H2-MSVC2022-Windows-Windows_11_23H2-X86_64.7z
2026-06-15 17:05:37,255 - aqt.helper - INFO - helper 14864 Redirected: mirror.maeen.sa
2026-06-15 17:05:42,180 - aqt.installer - INFO - installer 14864 Finished installation of qtcharts-Windows-Windows_11_23H2-MSVC2022-Windows-Windows_11_23H2-X86_64.7z in 7.08347810
2026-06-15 17:05:42,193 - aqt.helper - DEBUG - helper 14864 Attempt to download checksum at https://download.qt.io/online/qtsdkrepository/windows_x86/desktop/qt6_680/qt6_680/qt.qt6.680.win64_msvc2022_64/6.8.0-0-202410030750qttools-Windows-Windows_11_23H2-MSVC2022-Windows-Windows_11_23H2-X86_64.7z.sha256
2026-06-15 17:05:43,146 - aqt.helper - INFO - helper 14864 Downloading qttools...
2026-06-15 17:05:43,148 - aqt.installer - DEBUG - installer 14864 Download URL: https://download.qt.io/online/qtsdkrepository/windows_x86/desktop/qt6_680/qt6_680/qt.qt6.680.win64_msvc2022_64/6.8.0-0-202410030750qttools-Windows-Windows_11_23H2-MSVC2022-Windows-Windows_11_23H2-X86_64.7z
2026-06-15 17:05:44,319 - aqt.helper - DEBUG - helper 14864 Asked to redirect(302) to: https://mirror.maeen.sa/qtproject/online/qtsdkrepository/windows_x86/desktop/qt6_680/qt6_680/qt.qt6.680.win64_msvc2022_64/6.8.0-0-202410030750qttools-Windows-Windows_11_23H2-MSVC2022-Windows-Windows_11_23H2-X86_64.7z
2026-06-15 17:05:44,319 - aqt.helper - INFO - helper 14864 Redirected: mirror.maeen.sa
2026-06-15 17:05:46,013 - aqt.installer - INFO - installer 13728 Finished installation of qtsvg-Windows-Windows_11_23H2-MSVC2022-Windows-Windows_11_23H2-X86_64.7z in 10.91470750
2026-06-15 17:05:46,026 - aqt.helper - DEBUG - helper 13728 Attempt to download checksum at https://download.qt.io/online/qtsdkrepository/windows_x86/desktop/qt6_680/qt6_680/qt.qt6.680.win64_msvc2022_64/6.8.0-0-202410030750qttranslations-Windows-Windows_11_23H2-MSVC2022-Windows-Windows_11_23H2-X86_64.7z.sha256
2026-06-15 17:05:46,940 - aqt.helper - INFO - helper 13728 Downloading qttranslations...
2026-06-15 17:05:46,940 - aqt.installer - DEBUG - installer 13728 Download URL: https://download.qt.io/online/qtsdkrepository/windows_x86/desktop/qt6_680/qt6_680/qt.qt6.680.win64_msvc2022_64/6.8.0-0-202410030750qttranslations-Windows-Windows_11_23H2-MSVC2022-Windows-Windows_11_23H2-X86_64.7z
2026-06-15 17:05:48,770 - aqt.helper - DEBUG - helper 13728 Asked to redirect(302) to: https://mirror.maeen.sa/qtproject/online/qtsdkrepository/windows_x86/desktop/qt6_680/qt6_680/qt.qt6.680.win64_msvc2022_64/6.8.0-0-202410030750qttranslations-Windows-Windows_11_23H2-MSVC2022-Windows-Windows_11_23H2-X86_64.7z
2026-06-15 17:05:48,770 - aqt.helper - INFO - helper 13728 Redirected: mirror.maeen.sa
2026-06-15 17:06:00,895 - aqt.installer - INFO - installer 13728 Finished installation of qttranslations-Windows-Windows_11_23H2-MSVC2022-Windows-Windows_11_23H2-X86_64.7z in 14.86997330
2026-06-15 17:06:00,929 - aqt.helper - DEBUG - helper 13728 Attempt to download checksum at https://download.qt.io/online/qtsdkrepository/windows_x86/desktop/qt6_680/qt6_680/qt.qt6.680.win64_msvc2022_64/6.8.0-0-202410030750d3dcompiler_47-x64.7z.sha256
2026-06-15 17:06:01,830 - aqt.helper - INFO - helper 13728 Downloading d3dcompiler_47...
2026-06-15 17:06:01,830 - aqt.installer - DEBUG - installer 13728 Download URL: https://download.qt.io/online/qtsdkrepository/windows_x86/desktop/qt6_680/qt6_680/qt.qt6.680.win64_msvc2022_64/6.8.0-0-202410030750d3dcompiler_47-x64.7z
2026-06-15 17:06:02,796 - aqt.helper - DEBUG - helper 13728 Asked to redirect(302) to: https://mirror.maeen.sa/qtproject/online/qtsdkrepository/windows_x86/desktop/qt6_680/qt6_680/qt.qt6.680.win64_msvc2022_64/6.8.0-0-202410030750d3dcompiler_47-x64.7z
2026-06-15 17:06:02,796 - aqt.helper - INFO - helper 13728 Redirected: mirror.maeen.sa
2026-06-15 17:06:15,426 - aqt.installer - INFO - installer 13728 Finished installation of d3dcompiler_47-x64.7z in 14.50079380
2026-06-15 17:06:15,439 - aqt.helper - DEBUG - helper 13728 Attempt to download checksum at https://download.qt.io/online/qtsdkrepository/windows_x86/desktop/qt6_680/qt6_680/qt.qt6.680.win64_msvc2022_64/6.8.0-0-202410030750opengl32sw-64-mesa_11_2_2-signed_sha256.7z.sha256
2026-06-15 17:06:15,896 - aqt.installer - INFO - installer 14864 Finished installation of qttools-Windows-Windows_11_23H2-MSVC2022-Windows-Windows_11_23H2-X86_64.7z in 33.70579450
2026-06-15 17:06:16,339 - aqt.helper - INFO - helper 13728 Downloading opengl32sw...
2026-06-15 17:06:16,340 - aqt.installer - DEBUG - installer 13728 Download URL: https://download.qt.io/online/qtsdkrepository/windows_x86/desktop/qt6_680/qt6_680/qt.qt6.680.win64_msvc2022_64/6.8.0-0-202410030750opengl32sw-64-mesa_11_2_2-signed_sha256.7z
2026-06-15 17:06:17,268 - aqt.helper - DEBUG - helper 13728 Asked to redirect(302) to: https://mirror.maeen.sa/qtproject/online/qtsdkrepository/windows_x86/desktop/qt6_680/qt6_680/qt.qt6.680.win64_msvc2022_64/6.8.0-0-202410030750opengl32sw-64-mesa_11_2_2-signed_sha256.7z
2026-06-15 17:06:17,276 - aqt.helper - INFO - helper 13728 Redirected: mirror.maeen.sa
2026-06-15 17:06:34,469 - aqt.installer - INFO - installer 13728 Finished installation of opengl32sw-64-mesa_11_2_2-signed_sha256.7z in 19.03397280
2026-06-15 17:06:38,245 - aqt.installer - INFO - installer 5664 Finished installation of qtbase-Windows-Windows_11_23H2-MSVC2022-Windows-Windows_11_23H2-X86_64.7z in 63.15006390
2026-06-15 17:09:47,595 - aqt.installer - INFO - installer 10416 Finished installation of qtdeclarative-Windows-Windows_11_23H2-MSVC2022-Windows-Windows_11_23H2-X86_64.7z in 252.49579960
2026-06-15 17:09:47,960 - aqt.updater - INFO - updater 15112 Patching c:\Qt\6.8.0\msvc2022_64\bin\qmake.exe
2026-06-15 17:09:47,975 - aqt.updater - INFO - updater 15112 Patching c:\Qt\6.8.0\msvc2022_64\lib\Qt6Charts.prl
2026-06-15 17:09:47,985 - aqt.updater - INFO - updater 15112 Patching c:\Qt\6.8.0\msvc2022_64\lib\Qt6Chartsd.prl
2026-06-15 17:09:47,991 - aqt.updater - INFO - updater 15112 Patching c:\Qt\6.8.0\msvc2022_64\lib\Qt6ChartsQml.prl
2026-06-15 17:09:47,997 - aqt.updater - INFO - updater 15112 Patching c:\Qt\6.8.0\msvc2022_64\lib\Qt6ChartsQmld.prl
2026-06-15 17:09:48,003 - aqt.updater - INFO - updater 15112 Patching c:\Qt\6.8.0\msvc2022_64\lib\Qt6Concurrent.prl
2026-06-15 17:09:48,012 - aqt.updater - INFO - updater 15112 Patching c:\Qt\6.8.0\msvc2022_64\lib\Qt6Concurrentd.prl
2026-06-15 17:09:48,019 - aqt.updater - INFO - updater 15112 Patching c:\Qt\6.8.0\msvc2022_64\lib\Qt6Core.prl
2026-06-15 17:09:48,027 - aqt.updater - INFO - updater 15112 Patching c:\Qt\6.8.0\msvc2022_64\lib\Qt6Cored.prl
2026-06-15 17:09:48,034 - aqt.updater - INFO - updater 15112 Patching c:\Qt\6.8.0\msvc2022_64\lib\Qt6DBus.prl
2026-06-15 17:09:48,038 - aqt.updater - INFO - updater 15112 Patching c:\Qt\6.8.0\msvc2022_64\lib\Qt6DBusd.prl
2026-06-15 17:09:48,048 - aqt.updater - INFO - updater 15112 Patching c:\Qt\6.8.0\msvc2022_64\lib\Qt6Designer.prl
2026-06-15 17:09:48,055 - aqt.updater - INFO - updater 15112 Patching c:\Qt\6.8.0\msvc2022_64\lib\Qt6DesignerComponents.prl
2026-06-15 17:09:48,060 - aqt.updater - INFO - updater 15112 Patching c:\Qt\6.8.0\msvc2022_64\lib\Qt6DesignerComponentsd.prl
2026-06-15 17:09:48,071 - aqt.updater - INFO - updater 15112 Patching c:\Qt\6.8.0\msvc2022_64\lib\Qt6Designerd.prl
2026-06-15 17:09:48,080 - aqt.updater - INFO - updater 15112 Patching c:\Qt\6.8.0\msvc2022_64\lib\Qt6DeviceDiscoverySupport.prl
2026-06-15 17:09:48,089 - aqt.updater - INFO - updater 15112 Patching c:\Qt\6.8.0\msvc2022_64\lib\Qt6DeviceDiscoverySupportd.prl
2026-06-15 17:09:48,097 - aqt.updater - INFO - updater 15112 Patching c:\Qt\6.8.0\msvc2022_64\lib\Qt6EntryPoint.prl
2026-06-15 17:09:48,105 - aqt.updater - INFO - updater 15112 Patching c:\Qt\6.8.0\msvc2022_64\lib\Qt6EntryPointd.prl
2026-06-15 17:09:48,110 - aqt.updater - INFO - updater 15112 Patching c:\Qt\6.8.0\msvc2022_64\lib\Qt6ExampleIcons.prl
2026-06-15 17:09:48,119 - aqt.updater - INFO - updater 15112 Patching c:\Qt\6.8.0\msvc2022_64\lib\Qt6ExampleIconsd.prl
2026-06-15 17:09:48,126 - aqt.updater - INFO - updater 15112 Patching c:\Qt\6.8.0\msvc2022_64\lib\Qt6ExamplesAssetDownloader.prl
2026-06-15 17:09:48,130 - aqt.updater - INFO - updater 15112 Patching c:\Qt\6.8.0\msvc2022_64\lib\Qt6ExamplesAssetDownloaderd.prl
2026-06-15 17:09:48,139 - aqt.updater - INFO - updater 15112 Patching c:\Qt\6.8.0\msvc2022_64\lib\Qt6FbSupport.prl
2026-06-15 17:09:48,146 - aqt.updater - INFO - updater 15112 Patching c:\Qt\6.8.0\msvc2022_64\lib\Qt6FbSupportd.prl
2026-06-15 17:09:48,153 - aqt.updater - INFO - updater 15112 Patching c:\Qt\6.8.0\msvc2022_64\lib\Qt6Gui.prl
2026-06-15 17:09:48,159 - aqt.updater - INFO - updater 15112 Patching c:\Qt\6.8.0\msvc2022_64\lib\Qt6Guid.prl
2026-06-15 17:09:48,170 - aqt.updater - INFO - updater 15112 Patching c:\Qt\6.8.0\msvc2022_64\lib\Qt6Help.prl
2026-06-15 17:09:48,184 - aqt.updater - INFO - updater 15112 Patching c:\Qt\6.8.0\msvc2022_64\lib\Qt6Helpd.prl
2026-06-15 17:09:48,198 - aqt.updater - INFO - updater 15112 Patching c:\Qt\6.8.0\msvc2022_64\lib\Qt6LabsAnimation.prl
2026-06-15 17:09:48,210 - aqt.updater - INFO - updater 15112 Patching c:\Qt\6.8.0\msvc2022_64\lib\Qt6LabsAnimationd.prl
2026-06-15 17:09:48,228 - aqt.updater - INFO - updater 15112 Patching c:\Qt\6.8.0\msvc2022_64\lib\Qt6LabsFolderListModel.prl
2026-06-15 17:09:48,238 - aqt.updater - INFO - updater 15112 Patching c:\Qt\6.8.0\msvc2022_64\lib\Qt6LabsFolderListModeld.prl
2026-06-15 17:09:48,250 - aqt.updater - INFO - updater 15112 Patching c:\Qt\6.8.0\msvc2022_64\lib\Qt6LabsPlatform.prl
2026-06-15 17:09:48,261 - aqt.updater - INFO - updater 15112 Patching c:\Qt\6.8.0\msvc2022_64\lib\Qt6LabsPlatformd.prl
2026-06-15 17:09:48,276 - aqt.updater - INFO - updater 15112 Patching c:\Qt\6.8.0\msvc2022_64\lib\Qt6LabsQmlModels.prl
2026-06-15 17:09:48,287 - aqt.updater - INFO - updater 15112 Patching c:\Qt\6.8.0\msvc2022_64\lib\Qt6LabsQmlModelsd.prl
2026-06-15 17:09:48,300 - aqt.updater - INFO - updater 15112 Patching c:\Qt\6.8.0\msvc2022_64\lib\Qt6LabsSettings.prl
2026-06-15 17:09:48,315 - aqt.updater - INFO - updater 15112 Patching c:\Qt\6.8.0\msvc2022_64\lib\Qt6LabsSettingsd.prl
2026-06-15 17:09:48,327 - aqt.updater - INFO - updater 15112 Patching c:\Qt\6.8.0\msvc2022_64\lib\Qt6LabsSharedImage.prl
2026-06-15 17:09:48,332 - aqt.updater - INFO - updater 15112 Patching c:\Qt\6.8.0\msvc2022_64\lib\Qt6LabsSharedImaged.prl
2026-06-15 17:09:48,350 - aqt.updater - INFO - updater 15112 Patching c:\Qt\6.8.0\msvc2022_64\lib\Qt6LabsWavefrontMesh.prl
2026-06-15 17:09:48,366 - aqt.updater - INFO - updater 15112 Patching c:\Qt\6.8.0\msvc2022_64\lib\Qt6LabsWavefrontMeshd.prl
2026-06-15 17:09:48,380 - aqt.updater - INFO - updater 15112 Patching c:\Qt\6.8.0\msvc2022_64\lib\Qt6Network.prl
2026-06-15 17:09:48,397 - aqt.updater - INFO - updater 15112 Patching c:\Qt\6.8.0\msvc2022_64\lib\Qt6Networkd.prl
2026-06-15 17:09:48,411 - aqt.updater - INFO - updater 15112 Patching c:\Qt\6.8.0\msvc2022_64\lib\Qt6OpenGL.prl
2026-06-15 17:09:48,434 - aqt.updater - INFO - updater 15112 Patching c:\Qt\6.8.0\msvc2022_64\lib\Qt6OpenGLd.prl
2026-06-15 17:09:48,446 - aqt.updater - INFO - updater 15112 Patching c:\Qt\6.8.0\msvc2022_64\lib\Qt6OpenGLWidgets.prl
2026-06-15 17:09:48,465 - aqt.updater - INFO - updater 15112 Patching c:\Qt\6.8.0\msvc2022_64\lib\Qt6OpenGLWidgetsd.prl
2026-06-15 17:09:48,476 - aqt.updater - INFO - updater 15112 Patching c:\Qt\6.8.0\msvc2022_64\lib\Qt6PacketProtocol.prl
2026-06-15 17:09:48,495 - aqt.updater - INFO - updater 15112 Patching c:\Qt\6.8.0\msvc2022_64\lib\Qt6PacketProtocold.prl
2026-06-15 17:09:48,515 - aqt.updater - INFO - updater 15112 Patching c:\Qt\6.8.0\msvc2022_64\lib\Qt6PrintSupport.prl
2026-06-15 17:09:48,552 - aqt.updater - INFO - updater 15112 Patching c:\Qt\6.8.0\msvc2022_64\lib\Qt6PrintSupportd.prl
2026-06-15 17:09:48,570 - aqt.updater - INFO - updater 15112 Patching c:\Qt\6.8.0\msvc2022_64\lib\Qt6Qml.prl
2026-06-15 17:09:48,584 - aqt.updater - INFO - updater 15112 Patching c:\Qt\6.8.0\msvc2022_64\lib\Qt6QmlAssetDownloader.prl
2026-06-15 17:09:48,599 - aqt.updater - INFO - updater 15112 Patching c:\Qt\6.8.0\msvc2022_64\lib\Qt6QmlAssetDownloaderd.prl
2026-06-15 17:09:48,614 - aqt.updater - INFO - updater 15112 Patching c:\Qt\6.8.0\msvc2022_64\lib\Qt6QmlCompiler.prl
2026-06-15 17:09:48,626 - aqt.updater - INFO - updater 15112 Patching c:\Qt\6.8.0\msvc2022_64\lib\Qt6QmlCompilerd.prl
2026-06-15 17:09:48,637 - aqt.updater - INFO - updater 15112 Patching c:\Qt\6.8.0\msvc2022_64\lib\Qt6QmlCore.prl
2026-06-15 17:09:48,651 - aqt.updater - INFO - updater 15112 Patching c:\Qt\6.8.0\msvc2022_64\lib\Qt6QmlCored.prl
2026-06-15 17:09:48,668 - aqt.updater - INFO - updater 15112 Patching c:\Qt\6.8.0\msvc2022_64\lib\Qt6Qmld.prl
2026-06-15 17:09:48,689 - aqt.updater - INFO - updater 15112 Patching c:\Qt\6.8.0\msvc2022_64\lib\Qt6QmlDebug.prl
2026-06-15 17:09:48,710 - aqt.updater - INFO - updater 15112 Patching c:\Qt\6.8.0\msvc2022_64\lib\Qt6QmlDebugd.prl
2026-06-15 17:09:48,721 - aqt.updater - INFO - updater 15112 Patching c:\Qt\6.8.0\msvc2022_64\lib\Qt6QmlDom.prl
2026-06-15 17:09:48,734 - aqt.updater - INFO - updater 15112 Patching c:\Qt\6.8.0\msvc2022_64\lib\Qt6QmlDomd.prl
2026-06-15 17:09:48,744 - aqt.updater - INFO - updater 15112 Patching c:\Qt\6.8.0\msvc2022_64\lib\Qt6QmlLocalStorage.prl
2026-06-15 17:09:48,753 - aqt.updater - INFO - updater 15112 Patching c:\Qt\6.8.0\msvc2022_64\lib\Qt6QmlLocalStoraged.prl
2026-06-15 17:09:48,763 - aqt.updater - INFO - updater 15112 Patching c:\Qt\6.8.0\msvc2022_64\lib\Qt6QmlLS.prl
2026-06-15 17:09:48,770 - aqt.updater - INFO - updater 15112 Patching c:\Qt\6.8.0\msvc2022_64\lib\Qt6QmlLSd.prl
2026-06-15 17:09:48,781 - aqt.updater - INFO - updater 15112 Patching c:\Qt\6.8.0\msvc2022_64\lib\Qt6QmlMeta.prl
2026-06-15 17:09:48,799 - aqt.updater - INFO - updater 15112 Patching c:\Qt\6.8.0\msvc2022_64\lib\Qt6QmlMetad.prl
2026-06-15 17:09:48,808 - aqt.updater - INFO - updater 15112 Patching c:\Qt\6.8.0\msvc2022_64\lib\Qt6QmlModels.prl
2026-06-15 17:09:48,823 - aqt.updater - INFO - updater 15112 Patching c:\Qt\6.8.0\msvc2022_64\lib\Qt6QmlModelsd.prl
2026-06-15 17:09:48,834 - aqt.updater - INFO - updater 15112 Patching c:\Qt\6.8.0\msvc2022_64\lib\Qt6QmlNetwork.prl
2026-06-15 17:09:48,849 - aqt.updater - INFO - updater 15112 Patching c:\Qt\6.8.0\msvc2022_64\lib\Qt6QmlNetworkd.prl
2026-06-15 17:09:48,866 - aqt.updater - INFO - updater 15112 Patching c:\Qt\6.8.0\msvc2022_64\lib\Qt6QmlToolingSettings.prl
2026-06-15 17:09:48,876 - aqt.updater - INFO - updater 15112 Patching c:\Qt\6.8.0\msvc2022_64\lib\Qt6QmlToolingSettingsd.prl
2026-06-15 17:09:48,887 - aqt.updater - INFO - updater 15112 Patching c:\Qt\6.8.0\msvc2022_64\lib\Qt6QmlTypeRegistrar.prl
2026-06-15 17:09:48,902 - aqt.updater - INFO - updater 15112 Patching c:\Qt\6.8.0\msvc2022_64\lib\Qt6QmlTypeRegistrard.prl
2026-06-15 17:09:48,919 - aqt.updater - INFO - updater 15112 Patching c:\Qt\6.8.0\msvc2022_64\lib\Qt6QmlWorkerScript.prl
2026-06-15 17:09:48,931 - aqt.updater - INFO - updater 15112 Patching c:\Qt\6.8.0\msvc2022_64\lib\Qt6QmlWorkerScriptd.prl
2026-06-15 17:09:48,951 - aqt.updater - INFO - updater 15112 Patching c:\Qt\6.8.0\msvc2022_64\lib\Qt6QmlXmlListModel.prl
2026-06-15 17:09:48,964 - aqt.updater - INFO - updater 15112 Patching c:\Qt\6.8.0\msvc2022_64\lib\Qt6QmlXmlListModeld.prl
2026-06-15 17:09:48,976 - aqt.updater - INFO - updater 15112 Patching c:\Qt\6.8.0\msvc2022_64\lib\Qt6Quick.prl
2026-06-15 17:09:48,993 - aqt.updater - INFO - updater 15112 Patching c:\Qt\6.8.0\msvc2022_64\lib\Qt6QuickControls2.prl
2026-06-15 17:09:49,008 - aqt.updater - INFO - updater 15112 Patching c:\Qt\6.8.0\msvc2022_64\lib\Qt6QuickControls2Basic.prl
2026-06-15 17:09:49,021 - aqt.updater - INFO - updater 15112 Patching c:\Qt\6.8.0\msvc2022_64\lib\Qt6QuickControls2Basicd.prl
2026-06-15 17:09:49,038 - aqt.updater - INFO - updater 15112 Patching c:\Qt\6.8.0\msvc2022_64\lib\Qt6QuickControls2BasicStyleImpl.prl
2026-06-15 17:09:49,050 - aqt.updater - INFO - updater 15112 Patching c:\Qt\6.8.0\msvc2022_64\lib\Qt6QuickControls2BasicStyleImpld.prl
2026-06-15 17:09:49,064 - aqt.updater - INFO - updater 15112 Patching c:\Qt\6.8.0\msvc2022_64\lib\Qt6QuickControls2d.prl
2026-06-15 17:09:49,080 - aqt.updater - INFO - updater 15112 Patching c:\Qt\6.8.0\msvc2022_64\lib\Qt6QuickControls2FluentWinUI3StyleImpl.prl
2026-06-15 17:09:49,096 - aqt.updater - INFO - updater 15112 Patching c:\Qt\6.8.0\msvc2022_64\lib\Qt6QuickControls2FluentWinUI3StyleImpld.prl
2026-06-15 17:09:49,114 - aqt.updater - INFO - updater 15112 Patching c:\Qt\6.8.0\msvc2022_64\lib\Qt6QuickControls2Fusion.prl
2026-06-15 17:09:49,125 - aqt.updater - INFO - updater 15112 Patching c:\Qt\6.8.0\msvc2022_64\lib\Qt6QuickControls2Fusiond.prl
2026-06-15 17:09:49,135 - aqt.updater - INFO - updater 15112 Patching c:\Qt\6.8.0\msvc2022_64\lib\Qt6QuickControls2FusionStyleImpl.prl
2026-06-15 17:09:49,146 - aqt.updater - INFO - updater 15112 Patching c:\Qt\6.8.0\msvc2022_64\lib\Qt6QuickControls2FusionStyleImpld.prl
2026-06-15 17:09:49,162 - aqt.updater - INFO - updater 15112 Patching c:\Qt\6.8.0\msvc2022_64\lib\Qt6QuickControls2Imagine.prl
2026-06-15 17:09:49,176 - aqt.updater - INFO - updater 15112 Patching c:\Qt\6.8.0\msvc2022_64\lib\Qt6QuickControls2Imagined.prl
2026-06-15 17:09:49,196 - aqt.updater - INFO - updater 15112 Patching c:\Qt\6.8.0\msvc2022_64\lib\Qt6QuickControls2ImagineStyleImpl.prl
2026-06-15 17:09:49,210 - aqt.updater - INFO - updater 15112 Patching c:\Qt\6.8.0\msvc2022_64\lib\Qt6QuickControls2ImagineStyleImpld.prl
2026-06-15 17:09:49,227 - aqt.updater - INFO - updater 15112 Patching c:\Qt\6.8.0\msvc2022_64\lib\Qt6QuickControls2Impl.prl
2026-06-15 17:09:49,241 - aqt.updater - INFO - updater 15112 Patching c:\Qt\6.8.0\msvc2022_64\lib\Qt6QuickControls2Impld.prl
2026-06-15 17:09:49,254 - aqt.updater - INFO - updater 15112 Patching c:\Qt\6.8.0\msvc2022_64\lib\Qt6QuickControls2Material.prl
2026-06-15 17:09:49,271 - aqt.updater - INFO - updater 15112 Patching c:\Qt\6.8.0\msvc2022_64\lib\Qt6QuickControls2Materiald.prl
2026-06-15 17:09:49,286 - aqt.updater - INFO - updater 15112 Patching c:\Qt\6.8.0\msvc2022_64\lib\Qt6QuickControls2MaterialStyleImpl.prl
2026-06-15 17:09:49,299 - aqt.updater - INFO - updater 15112 Patching c:\Qt\6.8.0\msvc2022_64\lib\Qt6QuickControls2MaterialStyleImpld.prl
2026-06-15 17:09:49,315 - aqt.updater - INFO - updater 15112 Patching c:\Qt\6.8.0\msvc2022_64\lib\Qt6QuickControls2Universal.prl
2026-06-15 17:09:49,332 - aqt.updater - INFO - updater 15112 Patching c:\Qt\6.8.0\msvc2022_64\lib\Qt6QuickControls2Universald.prl
2026-06-15 17:09:49,346 - aqt.updater - INFO - updater 15112 Patching c:\Qt\6.8.0\msvc2022_64\lib\Qt6QuickControls2UniversalStyleImpl.prl
2026-06-15 17:09:49,355 - aqt.updater - INFO - updater 15112 Patching c:\Qt\6.8.0\msvc2022_64\lib\Qt6QuickControls2UniversalStyleImpld.prl
2026-06-15 17:09:49,366 - aqt.updater - INFO - updater 15112 Patching c:\Qt\6.8.0\msvc2022_64\lib\Qt6QuickControls2WindowsStyleImpl.prl
2026-06-15 17:09:49,381 - aqt.updater - INFO - updater 15112 Patching c:\Qt\6.8.0\msvc2022_64\lib\Qt6QuickControls2WindowsStyleImpld.prl
2026-06-15 17:09:49,396 - aqt.updater - INFO - updater 15112 Patching c:\Qt\6.8.0\msvc2022_64\lib\Qt6QuickControlsTestUtils.prl
2026-06-15 17:09:49,398 - aqt.updater - INFO - updater 15112 Patching c:\Qt\6.8.0\msvc2022_64\lib\Qt6QuickControlsTestUtilsd.prl
2026-06-15 17:09:49,418 - aqt.updater - INFO - updater 15112 Patching c:\Qt\6.8.0\msvc2022_64\lib\Qt6Quickd.prl
2026-06-15 17:09:49,430 - aqt.updater - INFO - updater 15112 Patching c:\Qt\6.8.0\msvc2022_64\lib\Qt6QuickDialogs2.prl
2026-06-15 17:09:49,449 - aqt.updater - INFO - updater 15112 Patching c:\Qt\6.8.0\msvc2022_64\lib\Qt6QuickDialogs2d.prl
2026-06-15 17:09:49,461 - aqt.updater - INFO - updater 15112 Patching c:\Qt\6.8.0\msvc2022_64\lib\Qt6QuickDialogs2QuickImpl.prl
2026-06-15 17:09:49,479 - aqt.updater - INFO - updater 15112 Patching c:\Qt\6.8.0\msvc2022_64\lib\Qt6QuickDialogs2QuickImpld.prl
2026-06-15 17:09:49,498 - aqt.updater - INFO - updater 15112 Patching c:\Qt\6.8.0\msvc2022_64\lib\Qt6QuickDialogs2Utils.prl
2026-06-15 17:09:49,517 - aqt.updater - INFO - updater 15112 Patching c:\Qt\6.8.0\msvc2022_64\lib\Qt6QuickDialogs2Utilsd.prl
2026-06-15 17:09:49,533 - aqt.updater - INFO - updater 15112 Patching c:\Qt\6.8.0\msvc2022_64\lib\Qt6QuickEffects.prl
2026-06-15 17:09:49,546 - aqt.updater - INFO - updater 15112 Patching c:\Qt\6.8.0\msvc2022_64\lib\Qt6QuickEffectsd.prl
2026-06-15 17:09:49,562 - aqt.updater - INFO - updater 15112 Patching c:\Qt\6.8.0\msvc2022_64\lib\Qt6QuickLayouts.prl
2026-06-15 17:09:49,581 - aqt.updater - INFO - updater 15112 Patching c:\Qt\6.8.0\msvc2022_64\lib\Qt6QuickLayoutsd.prl
2026-06-15 17:09:49,597 - aqt.updater - INFO - updater 15112 Patching c:\Qt\6.8.0\msvc2022_64\lib\Qt6QuickParticles.prl
2026-06-15 17:09:49,611 - aqt.updater - INFO - updater 15112 Patching c:\Qt\6.8.0\msvc2022_64\lib\Qt6QuickParticlesd.prl
2026-06-15 17:09:49,634 - aqt.updater - INFO - updater 15112 Patching c:\Qt\6.8.0\msvc2022_64\lib\Qt6QuickShapes.prl
2026-06-15 17:09:49,649 - aqt.updater - INFO - updater 15112 Patching c:\Qt\6.8.0\msvc2022_64\lib\Qt6QuickShapesd.prl
2026-06-15 17:09:49,666 - aqt.updater - INFO - updater 15112 Patching c:\Qt\6.8.0\msvc2022_64\lib\Qt6QuickTemplates2.prl
2026-06-15 17:09:49,683 - aqt.updater - INFO - updater 15112 Patching c:\Qt\6.8.0\msvc2022_64\lib\Qt6QuickTemplates2d.prl
2026-06-15 17:09:49,697 - aqt.updater - INFO - updater 15112 Patching c:\Qt\6.8.0\msvc2022_64\lib\Qt6QuickTest.prl
2026-06-15 17:09:49,715 - aqt.updater - INFO - updater 15112 Patching c:\Qt\6.8.0\msvc2022_64\lib\Qt6QuickTestd.prl
2026-06-15 17:09:49,732 - aqt.updater - INFO - updater 15112 Patching c:\Qt\6.8.0\msvc2022_64\lib\Qt6QuickTestUtils.prl
2026-06-15 17:09:49,746 - aqt.updater - INFO - updater 15112 Patching c:\Qt\6.8.0\msvc2022_64\lib\Qt6QuickTestUtilsd.prl
2026-06-15 17:09:49,762 - aqt.updater - INFO - updater 15112 Patching c:\Qt\6.8.0\msvc2022_64\lib\Qt6QuickVectorImage.prl
2026-06-15 17:09:49,781 - aqt.updater - INFO - updater 15112 Patching c:\Qt\6.8.0\msvc2022_64\lib\Qt6QuickVectorImaged.prl
2026-06-15 17:09:49,797 - aqt.updater - INFO - updater 15112 Patching c:\Qt\6.8.0\msvc2022_64\lib\Qt6QuickVectorImageGenerator.prl
2026-06-15 17:09:49,815 - aqt.updater - INFO - updater 15112 Patching c:\Qt\6.8.0\msvc2022_64\lib\Qt6QuickVectorImageGeneratord.prl
2026-06-15 17:09:49,832 - aqt.updater - INFO - updater 15112 Patching c:\Qt\6.8.0\msvc2022_64\lib\Qt6QuickWidgets.prl
2026-06-15 17:09:49,854 - aqt.updater - INFO - updater 15112 Patching c:\Qt\6.8.0\msvc2022_64\lib\Qt6QuickWidgetsd.prl
2026-06-15 17:09:49,871 - aqt.updater - INFO - updater 15112 Patching c:\Qt\6.8.0\msvc2022_64\lib\Qt6Sql.prl
2026-06-15 17:09:49,883 - aqt.updater - INFO - updater 15112 Patching c:\Qt\6.8.0\msvc2022_64\lib\Qt6Sqld.prl
2026-06-15 17:09:49,899 - aqt.updater - INFO - updater 15112 Patching c:\Qt\6.8.0\msvc2022_64\lib\Qt6Svg.prl
2026-06-15 17:09:49,917 - aqt.updater - INFO - updater 15112 Patching c:\Qt\6.8.0\msvc2022_64\lib\Qt6Svgd.prl
2026-06-15 17:09:49,931 - aqt.updater - INFO - updater 15112 Patching c:\Qt\6.8.0\msvc2022_64\lib\Qt6SvgWidgets.prl
2026-06-15 17:09:49,948 - aqt.updater - INFO - updater 15112 Patching c:\Qt\6.8.0\msvc2022_64\lib\Qt6SvgWidgetsd.prl
2026-06-15 17:09:49,962 - aqt.updater - INFO - updater 15112 Patching c:\Qt\6.8.0\msvc2022_64\lib\Qt6Test.prl
2026-06-15 17:09:49,976 - aqt.updater - INFO - updater 15112 Patching c:\Qt\6.8.0\msvc2022_64\lib\Qt6Testd.prl
2026-06-15 17:09:49,996 - aqt.updater - INFO - updater 15112 Patching c:\Qt\6.8.0\msvc2022_64\lib\Qt6UiTools.prl
2026-06-15 17:09:50,004 - aqt.updater - INFO - updater 15112 Patching c:\Qt\6.8.0\msvc2022_64\lib\Qt6UiToolsd.prl
2026-06-15 17:09:50,018 - aqt.updater - INFO - updater 15112 Patching c:\Qt\6.8.0\msvc2022_64\lib\Qt6Widgets.prl
2026-06-15 17:09:50,030 - aqt.updater - INFO - updater 15112 Patching c:\Qt\6.8.0\msvc2022_64\lib\Qt6Widgetsd.prl
2026-06-15 17:09:50,047 - aqt.updater - INFO - updater 15112 Patching c:\Qt\6.8.0\msvc2022_64\lib\Qt6Xml.prl
2026-06-15 17:09:50,055 - aqt.updater - INFO - updater 15112 Patching c:\Qt\6.8.0\msvc2022_64\lib\Qt6Xmld.prl
2026-06-15 17:09:50,066 - aqt.main - INFO - installer 15112 Finished installation
2026-06-15 17:09:50,067 - aqt.main - INFO - installer 15112 Time elapsed: 261.50796980 second
